// Jest Snapshot v1, https://goo.gl/fbAQLP

exports[`Todo Component snapshot matches 1`] = `[Function]`;
